────────────────────────────────────────────────────────────
 ←  ☒ Host  ☐ Session  ☐ Projects  ☐ State  ✔ Submit  →

 Review your answers

  ● Host      → lab
  ● Session   → lab
  ● Projects  → /srv/proj
  ● State     → /var/lib/aacpanel

 Ready to submit your answers?

 ❯ 1. Submit answers
   2. Change an answer

 Enter to select · Esc to go back
