stop: systemd is not the init of this machine (PID 1 is docker-init): the collector and the executor are systemd units.
stop: python3 3.9 or newer is needed by the collector (found none).
stop: one step needs root (the state directory, the collector unit, linger) and sudo is not installed here. Ask an administrator to run: sudo bash /home/ubuntu/aacpanel/deploy/install/root.sh apply --user ubuntu --staged /home/ubuntu/.local/state/aacpanel-install/host.env.staged, then run ./install.sh again.
